// Jest Snapshot v1, https://goo.gl/fbAQLP

exports[`TransferAirtimeComp render should render self 1`] = `
<div>
  <div
    key="transfer_USD"
  >
    <div
      className="amount"
    >
      0
      0
    </div>
    <div
      className="code"
    >
      USD
    </div>
  </div>
</div>
`;
