// Jest Snapshot v1, https://goo.gl/fbAQLP

exports[`ExpressionRouterForm should render 1`] = `
<Dialog
  buttons={
    Object {
      "primary": Object {
        "name": "Ok",
        "onClick": [Function],
      },
      "secondary": Object {
        "name": "Cancel",
        "onClick": [Function],
      },
    }
  }
  headerClass="split_by_expression"
  title="Split by Expression"
>
  <TypeList
    __className=""
    initialType={
      Object {
        "description": "Split by a custom expression",
        "form": [Function],
        "localization": [Function],
        "localizeableKeys": Array [
          "exits",
          "cases",
        ],
        "name": "Split by Expression",
        "type": "split_by_expression",
      }
    }
    onChange={[MockFunction]}
  />
  <p>
    If the expression...
  </p>
  <TextInputElement
    autocomplete={true}
    entry={
      Object {
        "value": "@input.text",
      }
    }
    name="Operand"
    onChange={[Function]}
    showLabel={false}
  />
  <CaseList
    cases={Array []}
    data-spec="cases"
    onCasesUpdated={[Function]}
  />
  <OptionalTextInput
    helpText={
      <Trans
        i18nKey="forms.result_name_help"
        values={
          Object {
            "resultFormat": "@results",
          }
        }
      >
        By naming the result, you can reference it later using [[resultFormat]]
      </Trans>
    }
    maxLength={64}
    name="Result Name"
    onChange={[Function]}
    toggleText="Save as.."
    value={
      Object {
        "value": "",
      }
    }
  />
</Dialog>
`;

exports[`ExpressionRouterForm updates should save changes 1`] = `
Object {
  "cases": Array [],
  "operand": Object {
    "value": "@input.text",
  },
  "resultName": Object {
    "validationFailures": Array [],
    "value": "Favorite Color",
  },
  "valid": true,
}
`;

exports[`ExpressionRouterForm updates should save changes 2`] = `
Array [
  Object {
    "inboundConnections": Object {},
    "node": Object {
      "actions": Array [],
      "exits": Array [
        Object {
          "uuid": "b1f332f3-bdd3-4891-aec5-1843a712dbf1",
        },
      ],
      "router": Object {
        "cases": Array [],
        "categories": Array [
          Object {
            "exit_uuid": "b1f332f3-bdd3-4891-aec5-1843a712dbf1",
            "name": "All Responses",
            "uuid": "061fc171-8b79-4636-b892-bd0ea5aa9b42",
          },
        ],
        "default_category_uuid": "061fc171-8b79-4636-b892-bd0ea5aa9b42",
        "operand": "@input.text",
        "result_name": "Favorite Color",
        "type": "switch",
      },
      "uuid": "1dce2b34-9aab-4e20-81c4-3f0408dcb671",
    },
    "ui": Object {
      "config": Object {
        "cases": Object {},
      },
      "position": null,
      "type": "split_by_expression",
    },
  },
]
`;
