// Jest Snapshot v1, https://goo.gl/fbAQLP

exports[`AddLabelsComp should display labels on action 1`] = `
<Fragment>
  <div
    className="node_asset"
    key="label-0"
  >
    <span
      className="node_label fe-label"
    />
    Help
  </div>
  <div
    className="node_asset"
    key="label-1"
  >
    <span
      className="node_label fe-label"
    />
    New
  </div>
  <div
    className="node_asset"
    key="label-2"
  >
    <span
      className="node_label fe-label"
    />
    Feedback
  </div>
  <div
    className="node_asset"
    key="label-3"
  >
    <span
      className="node_label fe-label"
    />
    Needs Attention
  </div>
  <div
    key="ellipses"
  >
    +
    2
     more
  </div>
</Fragment>
`;
