// Jest Snapshot v1, https://goo.gl/fbAQLP

exports[`AddURNComp should display urn on action 1`] = `
<Fragment>
  Add
   
  Phone Number
   
  <span
    className="emphasize"
  >
    +12065551212
  </span>
</Fragment>
`;
