// Jest Snapshot v1, https://goo.gl/fbAQLP

exports[`WebhookRouterForm should render 1`] = `
<Dialog
  buttons={
    Object {
      "primary": Object {
        "name": "Ok",
        "onClick": [Function],
      },
      "secondary": Object {
        "name": "Cancel",
        "onClick": [Function],
      },
    }
  }
  headerClass="call_webhook"
  tabs={
    Array [
      Object {
        "body": <React.Fragment>
          <p
            className="info"
          >
            <Trans
              i18nKey="forms.webhook_header_summary"
            >
              Add any additional headers below that you would like to send along with your request.
            </Trans>
          </p>
          <div>
            <HeaderElement
              entry={
                Object {
                  "value": Object {
                    "name": "Accept",
                    "uuid": "2dc85899-0577-4f1b-a620-f12094e34b5e",
                    "value": "application/json",
                  },
                }
              }
              index={0}
              onChange={[Function]}
              onRemove={[Function]}
            />
          </div>
          <div>
            <HeaderElement
              entry={
                Object {
                  "value": Object {
                    "name": "",
                    "uuid": "42ebf1d0-a43e-4ba6-9577-c863b20c88c4",
                    "value": "",
                  },
                }
              }
              index={1}
              onChange={[Function]}
              onRemove={[Function]}
            />
          </div>
        </React.Fragment>,
        "checked": true,
        "hasErrors": false,
        "name": "HTTP Headers",
      },
      Object {
        "body": <div
          className="body_form"
        >
          <h4>
            GET Body
          </h4>
          <p>
            <Trans
              i18nKey="forms.webhook_body_summary"
              values={
                Object {
                  "method": "GET",
                }
              }
            >
              Modify the body of the [[method]] request that will be sent to your webhook.
            </Trans>
          </p>
          <ForwardRef(forwardConnectRef)
            __className="req_body"
            autocomplete={true}
            entry={
              Object {
                "value": "",
              }
            }
            helpText={
              <Trans
                i18nKey="forms.webhook_body_summary"
                values={
                  Object {
                    "method": "GET",
                  }
                }
              >
                Modify the body of the [[method]] request that will be sent to your webhook.
              </Trans>
            }
            name="GET Body"
            onChange={[Function]}
            showLabel={false}
            textarea={true}
          />
        </div>,
        "checked": false,
        "name": "GET Body",
      },
    ]
  }
  title="Call Webhook"
>
  <TypeList
    __className=""
    initialType={
      Object {
        "aliases": Array [
          "split_by_webhook",
        ],
        "component": [Function],
        "description": "Call a webhook",
        "form": [Function],
        "localization": [Function],
        "localizeableKeys": Array [
          "exits",
        ],
        "name": "Call Webhook",
        "type": "call_webhook",
        "visibility": Array [
          "message",
          "voice",
        ],
      }
    }
    onChange={[MockFunction]}
  />
  <div
    style={
      Object {
        "display": "flex",
      }
    }
  >
    <div
      className="method"
    >
      <SelectElement
        entry={
          Object {
            "value": Object {
              "label": "GET",
              "value": "GET",
            },
          }
        }
        key="method_select"
        name="Method"
        onChange={[Function]}
        options={
          Array [
            Object {
              "label": "GET",
              "value": "GET",
            },
            Object {
              "label": "POST",
              "value": "POST",
            },
            Object {
              "label": "PUT",
              "value": "PUT",
            },
            Object {
              "label": "DELETE",
              "value": "DELETE",
            },
            Object {
              "label": "HEAD",
              "value": "HEAD",
            },
            Object {
              "label": "PATCH",
              "value": "PATCH",
            },
          ]
        }
      />
    </div>
    <div
      className="url"
    >
      <Connect(TextInputElement)
        autocomplete={true}
        entry={
          Object {
            "value": "",
          }
        }
        name="URL"
        onChange={[Function]}
        placeholder="Enter a URL"
      />
    </div>
  </div>
  <div
    className="instructions"
  >
    <p>
      <Trans
        i18nKey="forms.webhook_help"
      >
        If your server responds with JSON, each property will be added to the Flow.
      </Trans>
    </p>
    <pre
      className="code"
    >
      { "product": "Solar Charging Kit", "stock level": 32 }
    </pre>
    <p>
      <Trans
        i18nKey="forms.webhook_example"
      >
        This response would add 
        <span
          className="example"
        >
          @webhook.product
        </span>
         and
         
        <span
          className="example"
        >
          @webhook["stock level"]
        </span>
         for use in the flow.
      </Trans>
    </p>
  </div>
  <OptionalTextInput
    helpText={
      <Trans
        i18nKey="forms.result_name_help"
        values={
          Object {
            "resultFormat": "@results.result",
          }
        }
      >
        By naming the result, you can reference it later using [[resultFormat]]
      </Trans>
    }
    maxLength={64}
    name="Result Name"
    onChange={[Function]}
    toggleText="Save as.."
    value={
      Object {
        "value": "Result",
      }
    }
  />
</Dialog>
`;

exports[`WebhookRouterForm updates should repopulate post body 1`] = `
Object {
  "body": Object {
    "value": "",
  },
  "headers": Array [
    Object {
      "value": Object {
        "name": "Accept",
        "uuid": "0c8c9239-9b59-473a-a229-d8a9693be270",
        "value": "application/json",
      },
    },
    Object {
      "value": Object {
        "name": "",
        "uuid": "9adce29f-da95-4182-9cb3-0f1e3bf714e5",
        "value": "",
      },
    },
  ],
  "method": Object {
    "value": Object {
      "value": "GET",
    },
  },
  "resultName": Object {
    "value": "Result",
  },
  "url": Object {
    "validationFailures": Array [],
    "value": "http://domain.com/",
  },
  "valid": true,
}
`;

exports[`WebhookRouterForm updates should repopulate post body 2`] = `
Object {
  "body": Object {
    "value": "@(json(object(
  \\"contact\\", object(
    \\"uuid\\", contact.uuid, 
    \\"name\\", contact.name, 
    \\"urn\\", contact.urn
  ),
  \\"flow\\", object(
    \\"uuid\\", run.flow.uuid, 
    \\"name\\", run.flow.name
  ),
  \\"results\\", foreach_value(results, extract_object, \\"value\\", \\"category\\")
)))",
  },
  "headers": Array [
    Object {
      "value": Object {
        "name": "Accept",
        "uuid": "0c8c9239-9b59-473a-a229-d8a9693be270",
        "value": "application/json",
      },
    },
    Object {
      "validationFailures": undefined,
      "value": Object {
        "name": "Content-Type",
        "uuid": "9adce29f-da95-4182-9cb3-0f1e3bf714e5",
        "value": "application/json",
      },
    },
    Object {
      "validationFailures": undefined,
      "value": Object {
        "name": "",
        "uuid": "00dd2423-0a34-4ee2-b97d-839fb2d593ef",
        "value": "",
      },
    },
  ],
  "method": Object {
    "value": "POST",
  },
  "resultName": Object {
    "value": "Result",
  },
  "url": Object {
    "validationFailures": Array [],
    "value": "http://domain.com/",
  },
  "valid": true,
}
`;

exports[`WebhookRouterForm updates should save changes 1`] = `
<body>
  <div>
    <div
      class="dialog"
    >
      <div
        class="tabs"
      >
        <div
          class="tab "
        >
          HTTP Headers
           
          <span
            class="tab_icon fe-check"
          />
        </div>
        <div
          class="tab "
        >
          GET Body
           
        </div>
      </div>
      <div
        class="header call_webhook"
      >
        <div
          class="title_container"
        >
          <div
            class="title"
          >
            Call Webhook
          </div>
          <div
            class="subtitle"
          />
        </div>
      </div>
      <div
        class="content"
      >
        <div
          class=" type_list"
        >
          <p>
            When a contact arrives at this point in your flow...
          </p>
          <div>
            <div
              class="normal "
            >
              <temba-select
                data-testid="temba_select_type"
                searchable="true"
              >
                <temba-option
                  name="Send the contact a message"
                  value="send_msg"
                />
                <temba-option
                  name="Wait for the contact to respond"
                  value="wait_for_response"
                />
                <temba-option
                  name="Send somebody else a message"
                  value="send_broadcast"
                />
                <temba-option
                  name="Label the incoming message"
                  value="add_input_labels"
                />
                <temba-option
                  name="Add a URN for the contact"
                  value="add_contact_urn"
                />
                <temba-option
                  name="Add the contact to a group"
                  value="add_contact_groups"
                />
                <temba-option
                  name="Remove the contact from a group"
                  value="remove_contact_groups"
                />
                <temba-option
                  name="Update the contact"
                  value="set_contact_field"
                />
                <temba-option
                  name="Send an email"
                  value="send_email"
                />
                <temba-option
                  name="Save a result for this flow"
                  value="set_run_result"
                />
                <temba-option
                  name="Call a webhook"
                  selected="true"
                  value="call_webhook"
                />
                <temba-option
                  name="Call Zapier"
                  value="call_resthook"
                />
                <temba-option
                  name="Enter another flow"
                  value="enter_flow"
                />
                <temba-option
                  name="Start somebody else in a flow"
                  value="start_session"
                />
                <temba-option
                  name="Open a ticket with a human agent"
                  value="open_ticket"
                />
                <temba-option
                  name="Send the contact airtime"
                  value="transfer_airtime"
                />
                <temba-option
                  name="Split by intent"
                  value="split_by_intent"
                />
                <temba-option
                  name="Split by a custom expression"
                  value="split_by_expression"
                />
                <temba-option
                  name="Split by a contact field"
                  value="split_by_contact_field"
                />
                <temba-option
                  name="Split by a result in the flow"
                  value="split_by_run_result"
                />
                <temba-option
                  name="Split by random chance"
                  value="split_by_random"
                />
                <temba-option
                  name="Split by group membership"
                  value="split_by_groups"
                />
                <temba-option
                  name="Split by URN type"
                  value="split_by_scheme"
                />
              </temba-select>
            </div>
          </div>
        </div>
        <div
          style="display: flex;"
        >
          <div
            class="method"
          >
            <div
              class="ele"
            >
              <div
                class="normal "
              >
                <temba-select
                  data-testid="temba_select_method"
                >
                  <temba-option
                    name="GET"
                    selected="true"
                    value="GET"
                  />
                  <temba-option
                    name="POST"
                    value="POST"
                  />
                  <temba-option
                    name="PUT"
                    value="PUT"
                  />
                  <temba-option
                    name="DELETE"
                    value="DELETE"
                  />
                  <temba-option
                    name="HEAD"
                    value="HEAD"
                  />
                  <temba-option
                    name="PATCH"
                    value="PATCH"
                  />
                </temba-select>
              </div>
            </div>
          </div>
          <div
            class="url"
          >
            <div
              class="ele"
            >
              <div
                class="wrapper"
              >
                <input
                  class="textinput"
                  data-spec="input"
                  data-testid="input"
                  maxlength="-1"
                  name="URL"
                  placeholder="Enter a URL"
                  type="text"
                  value=""
                />
                <div
                  class="completion_container hidden"
                  data-spec="completion-options"
                  style="top: 0px; left: 0px;"
                >
                  <div
                    class="options_wrapper"
                  >
                    <ul
                      class="option_list"
                      data-spec="completion-list"
                    />
                    <div
                      class="help"
                      data-spec="completion-help"
                    >
                      Tab to complete, enter to select
                    </div>
                  </div>
                </div>
              </div>
            </div>
          </div>
        </div>
        <div
          class="instructions"
        >
          <p>
            If your server responds with JSON, each property will be added to the Flow.
          </p>
          <pre
            class="code"
          >
            { "product": "Solar Charging Kit", "stock level": 32 }
          </pre>
          <p>
            This response would add 
            <span
              class="example"
            >
              @webhook.product
            </span>
             and 
            <span
              class="example"
            >
              @webhook["stock level"]
            </span>
             for use in the flow.
          </p>
        </div>
        <div
          class="optional_text_input"
        >
          <div
            class="ele"
          >
            <div
              class="label"
            >
              Result Name
            </div>
            <div
              class="wrapper"
            >
              <input
                class="textinput"
                data-spec="input"
                data-testid="input"
                maxlength="64"
                name="Result Name"
                type="text"
                value="Result"
              />
              <div
                class="completion_container hidden"
                data-spec="completion-options"
                style="top: 0px; left: 0px;"
              >
                <div
                  class="options_wrapper"
                >
                  <ul
                    class="option_list"
                    data-spec="completion-list"
                  />
                  <div
                    class="help"
                    data-spec="completion-help"
                  >
                    Tab to complete, enter to select
                  </div>
                </div>
              </div>
            </div>
            <div
              class="help_text"
            >
              By naming the result, you can reference it later using @results.result
               
            </div>
          </div>
        </div>
      </div>
      <div
        class="footer"
      >
        <div
          class="buttons"
        >
          <div
            class="right_buttons"
          >
            <div
              class="btn secondary  "
              style="margin-left: 0px; margin-top: 0px;"
            >
              Cancel
            </div>
            <div
              class="btn primary  "
              style="margin-left: 10px; margin-top: 0px;"
            >
              Ok
            </div>
          </div>
        </div>
      </div>
    </div>
  </div>
</body>
`;

exports[`WebhookRouterForm updates should save changes 2`] = `
Array [
  Object {
    "inboundConnections": Object {},
    "node": Object {
      "actions": Array [
        Object {
          "body": "Updated post body",
          "headers": Object {
            "Accept": "application/json",
            "Content-Type": "application/json",
          },
          "method": "POST",
          "result_name": "My Webhook Result",
          "type": "call_webhook",
          "url": "http://app.rapidpro.io",
          "uuid": "b1f332f3-bdd3-4891-aec5-1843a712dbf1",
        },
      ],
      "exits": Array [
        Object {
          "destination_uuid": null,
          "uuid": "061fc171-8b79-4636-b892-bd0ea5aa9b42",
        },
        Object {
          "destination_uuid": null,
          "uuid": "1dce2b34-9aab-4e20-81c4-3f0408dcb671",
        },
      ],
      "router": Object {
        "cases": Array [
          Object {
            "arguments": Array [
              "Success",
            ],
            "category_uuid": "763e4844-3e1b-407a-a1b5-5fdfcd308b41",
            "type": "has_only_text",
            "uuid": "1e47a1e1-3c67-4df5-adf1-da542c789adb",
          },
        ],
        "categories": Array [
          Object {
            "exit_uuid": "061fc171-8b79-4636-b892-bd0ea5aa9b42",
            "name": "Success",
            "uuid": "763e4844-3e1b-407a-a1b5-5fdfcd308b41",
          },
          Object {
            "exit_uuid": "1dce2b34-9aab-4e20-81c4-3f0408dcb671",
            "name": "Failure",
            "uuid": "477ac8b4-25e2-483a-8686-2d1332c4da1c",
          },
        ],
        "default_category_uuid": "477ac8b4-25e2-483a-8686-2d1332c4da1c",
        "operand": "@results.my_webhook_result.category",
        "type": "switch",
      },
      "uuid": "132de855-4042-4dc1-a18f-cc2e6a8f790a",
    },
    "ui": Object {
      "config": Object {},
      "position": null,
      "type": "split_by_webhook",
    },
  },
]
`;
