// Jest Snapshot v1, https://goo.gl/fbAQLP

exports[`SchemeRouterForm should render 1`] = `
<body>
  <div>
    <div
      class="dialog"
    >
      <div
        class="header split_by_scheme"
      >
        <div
          class="title_container"
        >
          <div
            class="title"
          >
            Split by URN Type
          </div>
          <div
            class="subtitle"
          />
        </div>
      </div>
      <div
        class="content"
      >
        <div
          class=" type_list"
        >
          <p>
            When a contact arrives at this point in your flow...
          </p>
          <div>
            <div
              class="normal "
            >
              <temba-select
                data-testid="temba_select_type"
                searchable="true"
              >
                <temba-option
                  name="Send the contact a message"
                  value="send_msg"
                />
                <temba-option
                  name="Wait for the contact to respond"
                  value="wait_for_response"
                />
                <temba-option
                  name="Send somebody else a message"
                  value="send_broadcast"
                />
                <temba-option
                  name="Label the incoming message"
                  value="add_input_labels"
                />
                <temba-option
                  name="Add a URN for the contact"
                  value="add_contact_urn"
                />
                <temba-option
                  name="Add the contact to a group"
                  value="add_contact_groups"
                />
                <temba-option
                  name="Remove the contact from a group"
                  value="remove_contact_groups"
                />
                <temba-option
                  name="Update the contact"
                  value="set_contact_field"
                />
                <temba-option
                  name="Send an email"
                  value="send_email"
                />
                <temba-option
                  name="Save a result for this flow"
                  value="set_run_result"
                />
                <temba-option
                  name="Call a webhook"
                  value="call_webhook"
                />
                <temba-option
                  name="Call Zapier"
                  value="call_resthook"
                />
                <temba-option
                  name="Enter another flow"
                  value="enter_flow"
                />
                <temba-option
                  name="Start somebody else in a flow"
                  value="start_session"
                />
                <temba-option
                  name="Open a ticket with a human agent"
                  value="open_ticket"
                />
                <temba-option
                  name="Send the contact airtime"
                  value="transfer_airtime"
                />
                <temba-option
                  name="Split by intent"
                  value="split_by_intent"
                />
                <temba-option
                  name="Split by a custom expression"
                  value="split_by_expression"
                />
                <temba-option
                  name="Split by a contact field"
                  value="split_by_contact_field"
                />
                <temba-option
                  name="Split by a result in the flow"
                  value="split_by_run_result"
                />
                <temba-option
                  name="Split by random chance"
                  value="split_by_random"
                />
                <temba-option
                  name="Split by group membership"
                  value="split_by_groups"
                />
                <temba-option
                  name="Split by URN type"
                  selected="true"
                  value="split_by_scheme"
                />
              </temba-select>
            </div>
          </div>
        </div>
        <p>
          The contact's URN is the address they used to reach you such as their phone number or a Facebook ID. Select which URN types to split by below.
        </p>
        <div
          class="ele"
        >
          <div
            class="normal "
          >
            <temba-select
              data-testid="temba_select_channel_type"
              multi="true"
              placeholder="Select the channels to split by"
            >
              <temba-option
                name="SMS"
                selected="true"
                value="tel"
              />
              <temba-option
                name="WhatsApp"
                selected="true"
                value="whatsapp"
              />
              <temba-option
                name="Facebook"
                selected="true"
                value="facebook"
              />
              <temba-option
                name="Twitter"
                value="twitterid"
              />
              <temba-option
                name="Telegram"
                value="telegram"
              />
              <temba-option
                name="Viber"
                value="viber"
              />
              <temba-option
                name="Line"
                value="line"
              />
              <temba-option
                name="Wechat"
                value="wechat"
              />
              <temba-option
                name="Firebase"
                value="fcm"
              />
              <temba-option
                name="Jiochat"
                value="jiochat"
              />
              <temba-option
                name="Freshchat"
                value="freshchat"
              />
              <temba-option
                name="External"
                value="ext"
              />
            </temba-select>
          </div>
        </div>
        <div
          class="optional_text_input"
        >
          <span
            class="toggle_link"
            data-spec="toggle-link"
          >
            Save as..
          </span>
        </div>
      </div>
      <div
        class="footer"
      >
        <div
          class="buttons"
        >
          <div
            class="right_buttons"
          >
            <div
              class="btn secondary  "
              style="margin-left: 0px; margin-top: 0px;"
            >
              Cancel
            </div>
            <div
              class="btn primary  "
              style="margin-left: 10px; margin-top: 0px;"
            >
              Ok
            </div>
          </div>
        </div>
      </div>
    </div>
  </div>
</body>
`;

exports[`SchemeRouterForm should select schemes 1`] = `
Array [
  Object {
    "inboundConnections": Object {},
    "node": Object {
      "actions": Array [],
      "exits": Array [
        Object {
          "uuid": "132de855-4042-4dc1-a18f-cc2e6a8f790a",
        },
        Object {
          "uuid": "42ebf1d0-a43e-4ba6-9577-c863b20c88c4",
        },
        Object {
          "uuid": "e67ce051-f3e4-4c42-807b-e393df5fa382",
        },
        Object {
          "uuid": "6c22884b-0e35-4206-982e-18320691eda9",
        },
      ],
      "router": Object {
        "cases": Array [
          Object {
            "arguments": Array [
              "tel",
            ],
            "category_uuid": "2dc85899-0577-4f1b-a620-f12094e34b5e",
            "type": "has_only_phrase",
            "uuid": "061fc171-8b79-4636-b892-bd0ea5aa9b42",
          },
          Object {
            "arguments": Array [
              "whatsapp",
            ],
            "category_uuid": "70ac6ea6-803a-4c33-81c7-dc26803c313f",
            "type": "has_only_phrase",
            "uuid": "763e4844-3e1b-407a-a1b5-5fdfcd308b41",
          },
          Object {
            "arguments": Array [
              "facebook",
            ],
            "category_uuid": "e0bc3776-792f-49d2-b4be-48be2cf8159a",
            "type": "has_only_phrase",
            "uuid": "1e47a1e1-3c67-4df5-adf1-da542c789adb",
          },
        ],
        "categories": Array [
          Object {
            "exit_uuid": "132de855-4042-4dc1-a18f-cc2e6a8f790a",
            "name": "SMS",
            "uuid": "2dc85899-0577-4f1b-a620-f12094e34b5e",
          },
          Object {
            "exit_uuid": "42ebf1d0-a43e-4ba6-9577-c863b20c88c4",
            "name": "WhatsApp",
            "uuid": "70ac6ea6-803a-4c33-81c7-dc26803c313f",
          },
          Object {
            "exit_uuid": "e67ce051-f3e4-4c42-807b-e393df5fa382",
            "name": "Facebook",
            "uuid": "e0bc3776-792f-49d2-b4be-48be2cf8159a",
          },
          Object {
            "exit_uuid": "6c22884b-0e35-4206-982e-18320691eda9",
            "name": "Other",
            "uuid": "a62e8284-49f8-4292-adbc-d5f6607f85c5",
          },
        ],
        "default_category_uuid": "a62e8284-49f8-4292-adbc-d5f6607f85c5",
        "operand": "@(urn_parts(contact.urn).scheme)",
        "result_name": "",
        "type": "switch",
      },
      "uuid": "0c8c9239-9b59-473a-a229-d8a9693be270",
    },
    "ui": Object {
      "config": Object {
        "cases": Object {},
      },
      "position": null,
      "type": "split_by_scheme",
    },
  },
]
`;
