// Jest Snapshot v1, https://goo.gl/fbAQLP

exports[`TicketRouterForm render should render 1`] = `
<body>
  <div>
    <div
      class="dialog"
    >
      <div
        class="header open_ticket"
      >
        <div
          class="title_container"
        >
          <div
            class="title"
          >
            Open Ticket
          </div>
          <div
            class="subtitle"
          />
        </div>
      </div>
      <div
        class="content"
      >
        <div
          class=" type_list"
        >
          <p>
            When a contact arrives at this point in your flow...
          </p>
          <div>
            <div
              class="normal "
            >
              <temba-select
                data-testid="temba_select_type"
                searchable="true"
              >
                <temba-option
                  name="Send the contact a message"
                  value="send_msg"
                />
                <temba-option
                  name="Wait for the contact to respond"
                  value="wait_for_response"
                />
                <temba-option
                  name="Send somebody else a message"
                  value="send_broadcast"
                />
                <temba-option
                  name="Label the incoming message"
                  value="add_input_labels"
                />
                <temba-option
                  name="Add a URN for the contact"
                  value="add_contact_urn"
                />
                <temba-option
                  name="Add the contact to a group"
                  value="add_contact_groups"
                />
                <temba-option
                  name="Remove the contact from a group"
                  value="remove_contact_groups"
                />
                <temba-option
                  name="Update the contact"
                  value="set_contact_field"
                />
                <temba-option
                  name="Send an email"
                  value="send_email"
                />
                <temba-option
                  name="Save a result for this flow"
                  value="set_run_result"
                />
                <temba-option
                  name="Call a webhook"
                  value="call_webhook"
                />
                <temba-option
                  name="Call Zapier"
                  value="call_resthook"
                />
                <temba-option
                  name="Enter another flow"
                  value="enter_flow"
                />
                <temba-option
                  name="Start somebody else in a flow"
                  value="start_session"
                />
                <temba-option
                  name="Open a ticket with a human agent"
                  selected="true"
                  value="open_ticket"
                />
                <temba-option
                  name="Send the contact airtime"
                  value="transfer_airtime"
                />
                <temba-option
                  name="Split by intent"
                  value="split_by_intent"
                />
                <temba-option
                  name="Split by a custom expression"
                  value="split_by_expression"
                />
                <temba-option
                  name="Split by a contact field"
                  value="split_by_contact_field"
                />
                <temba-option
                  name="Split by a result in the flow"
                  value="split_by_run_result"
                />
                <temba-option
                  name="Split by random chance"
                  value="split_by_random"
                />
                <temba-option
                  name="Split by group membership"
                  value="split_by_groups"
                />
                <temba-option
                  name="Split by URN type"
                  value="split_by_scheme"
                />
              </temba-select>
            </div>
          </div>
        </div>
        <p>
          <span>
            Open ticket via... 
          </span>
        </p>
        <div
          class="ele"
        >
          <div
            class="react-select selection css-2b097c-container"
          >
            <div
              class=" css-1h1mxjq-control"
            >
              <div
                class=" css-1hwfws3"
              >
                <div
                  class=" css-1sdgdfu-singleValue"
                >
                  Email (bob@acme.com)
                </div>
                <div
                  class="css-1al1kbh-Input"
                >
                  <div
                    class=""
                    style="display: inline-block;"
                  >
                    <input
                      aria-autocomplete="list"
                      autocapitalize="none"
                      autocomplete="off"
                      autocorrect="off"
                      id="react-select-2-input"
                      spellcheck="false"
                      style="box-sizing: content-box; width: 2px; border: 0px; font-size: inherit; opacity: 1; outline: 0; padding: 0px;"
                      tabindex="0"
                      type="text"
                      value=""
                    />
                    <div
                      style="position: absolute; top: 0px; left: 0px; visibility: hidden; height: 0px; overflow: scroll; white-space: pre; font-size: inherit; font-family: -webkit-small-control; letter-spacing: normal; text-transform: none;"
                    />
                  </div>
                </div>
              </div>
              <div
                class=" css-1hb7zxy-IndicatorsContainer"
              >
                <span
                  class=" css-1okebmr-indicatorSeparator"
                />
                <div
                  aria-hidden="true"
                  class=" css-tlfecz-indicatorContainer"
                >
                  <svg
                    aria-hidden="true"
                    class="css-6q0nyr-Svg"
                    focusable="false"
                    height="20"
                    viewBox="0 0 20 20"
                    width="20"
                  >
                    <path
                      d="M4.516 7.548c0.436-0.446 1.043-0.481 1.576 0l3.908 3.747 3.908-3.747c0.533-0.481 1.141-0.446 1.574 0 0.436 0.445 0.408 1.197 0 1.615-0.406 0.418-4.695 4.502-4.695 4.502-0.217 0.223-0.502 0.335-0.787 0.335s-0.57-0.112-0.789-0.335c0 0-4.287-4.084-4.695-4.502s-0.436-1.17 0-1.615z"
                    />
                  </svg>
                </div>
              </div>
            </div>
          </div>
        </div>
        <div
          class="subject"
        >
          <div
            class="ele"
          >
            <div
              class="wrapper"
            >
              <input
                class="textinput"
                data-spec="input"
                data-testid="input"
                maxlength="-1"
                name="Subject"
                placeholder="Enter a subject"
                type="text"
                value="Need help"
              />
              <div
                class="completion_container hidden"
                data-spec="completion-options"
                style="top: 0px; left: 0px;"
              >
                <div
                  class="options_wrapper"
                >
                  <ul
                    class="option_list"
                    data-spec="completion-list"
                  />
                  <div
                    class="help"
                    data-spec="completion-help"
                  >
                    Tab to complete, enter to select
                  </div>
                </div>
              </div>
            </div>
          </div>
        </div>
        <div
          class="body"
        >
          <div
            class="ele"
          >
            <div
              class="wrapper"
            >
              <textarea
                class="textinput"
                data-spec="input"
                data-testid="input"
                maxlength="-1"
                name="Body"
                placeholder="Enter a body"
              >
                Where are my cookies
              </textarea>
              <div
                class="completion_container hidden"
                data-spec="completion-options"
                style="top: 0px; left: 0px;"
              >
                <div
                  class="options_wrapper"
                >
                  <ul
                    class="option_list"
                    data-spec="completion-list"
                  />
                  <div
                    class="help"
                    data-spec="completion-help"
                  >
                    Tab to complete, enter to select
                  </div>
                </div>
              </div>
            </div>
          </div>
        </div>
        <div
          class="optional_text_input"
        >
          <div
            class="ele"
          >
            <div
              class="label"
            >
              Result Name
            </div>
            <div
              class="wrapper"
            >
              <input
                class="textinput"
                data-spec="input"
                data-testid="input"
                maxlength="64"
                name="Result Name"
                type="text"
                value="Result"
              />
              <div
                class="completion_container hidden"
                data-spec="completion-options"
                style="top: 0px; left: 0px;"
              >
                <div
                  class="options_wrapper"
                >
                  <ul
                    class="option_list"
                    data-spec="completion-list"
                  />
                  <div
                    class="help"
                    data-spec="completion-help"
                  >
                    Tab to complete, enter to select
                  </div>
                </div>
              </div>
            </div>
            <div
              class="help_text"
            >
              By naming the result, you can reference it later using @results.result
               
            </div>
          </div>
        </div>
      </div>
      <div
        class="footer"
      >
        <div
          class="buttons"
        >
          <div
            class="right_buttons"
          >
            <div
              class="btn secondary  "
              style="margin-left: 0px; margin-top: 0px;"
            >
              Cancel
            </div>
            <div
              class="btn primary  "
              style="margin-left: 10px; margin-top: 0px;"
            >
              Ok
            </div>
          </div>
        </div>
      </div>
    </div>
  </div>
</body>
`;

exports[`TicketRouterForm updates should save changes 1`] = `
<body>
  <div>
    <div
      class="dialog"
    >
      <div
        class="header open_ticket"
      >
        <div
          class="title_container"
        >
          <div
            class="title"
          >
            Open Ticket
          </div>
          <div
            class="subtitle"
          />
        </div>
      </div>
      <div
        class="content"
      >
        <div
          class=" type_list"
        >
          <p>
            When a contact arrives at this point in your flow...
          </p>
          <div>
            <div
              class="normal "
            >
              <temba-select
                data-testid="temba_select_type"
                searchable="true"
              >
                <temba-option
                  name="Send the contact a message"
                  value="send_msg"
                />
                <temba-option
                  name="Wait for the contact to respond"
                  value="wait_for_response"
                />
                <temba-option
                  name="Send somebody else a message"
                  value="send_broadcast"
                />
                <temba-option
                  name="Label the incoming message"
                  value="add_input_labels"
                />
                <temba-option
                  name="Add a URN for the contact"
                  value="add_contact_urn"
                />
                <temba-option
                  name="Add the contact to a group"
                  value="add_contact_groups"
                />
                <temba-option
                  name="Remove the contact from a group"
                  value="remove_contact_groups"
                />
                <temba-option
                  name="Update the contact"
                  value="set_contact_field"
                />
                <temba-option
                  name="Send an email"
                  value="send_email"
                />
                <temba-option
                  name="Save a result for this flow"
                  value="set_run_result"
                />
                <temba-option
                  name="Call a webhook"
                  value="call_webhook"
                />
                <temba-option
                  name="Call Zapier"
                  value="call_resthook"
                />
                <temba-option
                  name="Enter another flow"
                  value="enter_flow"
                />
                <temba-option
                  name="Start somebody else in a flow"
                  value="start_session"
                />
                <temba-option
                  name="Open a ticket with a human agent"
                  selected="true"
                  value="open_ticket"
                />
                <temba-option
                  name="Send the contact airtime"
                  value="transfer_airtime"
                />
                <temba-option
                  name="Split by intent"
                  value="split_by_intent"
                />
                <temba-option
                  name="Split by a custom expression"
                  value="split_by_expression"
                />
                <temba-option
                  name="Split by a contact field"
                  value="split_by_contact_field"
                />
                <temba-option
                  name="Split by a result in the flow"
                  value="split_by_run_result"
                />
                <temba-option
                  name="Split by random chance"
                  value="split_by_random"
                />
                <temba-option
                  name="Split by group membership"
                  value="split_by_groups"
                />
                <temba-option
                  name="Split by URN type"
                  value="split_by_scheme"
                />
              </temba-select>
            </div>
          </div>
        </div>
        <p>
          <span>
            Open ticket via... 
          </span>
        </p>
        <div
          class="ele"
        >
          <div
            class="react-select selection css-2b097c-container"
          >
            <div
              class=" css-1h1mxjq-control"
            >
              <div
                class=" css-1hwfws3"
              >
                <div
                  class=" css-1sdgdfu-singleValue"
                >
                  Email (bob@acme.com)
                </div>
                <div
                  class="css-1al1kbh-Input"
                >
                  <div
                    class=""
                    style="display: inline-block;"
                  >
                    <input
                      aria-autocomplete="list"
                      autocapitalize="none"
                      autocomplete="off"
                      autocorrect="off"
                      id="react-select-3-input"
                      spellcheck="false"
                      style="box-sizing: content-box; width: 2px; border: 0px; font-size: inherit; opacity: 1; outline: 0; padding: 0px;"
                      tabindex="0"
                      type="text"
                      value=""
                    />
                    <div
                      style="position: absolute; top: 0px; left: 0px; visibility: hidden; height: 0px; overflow: scroll; white-space: pre; font-size: inherit; font-family: -webkit-small-control; letter-spacing: normal; text-transform: none;"
                    />
                  </div>
                </div>
              </div>
              <div
                class=" css-1hb7zxy-IndicatorsContainer"
              >
                <span
                  class=" css-1okebmr-indicatorSeparator"
                />
                <div
                  aria-hidden="true"
                  class=" css-tlfecz-indicatorContainer"
                >
                  <svg
                    aria-hidden="true"
                    class="css-6q0nyr-Svg"
                    focusable="false"
                    height="20"
                    viewBox="0 0 20 20"
                    width="20"
                  >
                    <path
                      d="M4.516 7.548c0.436-0.446 1.043-0.481 1.576 0l3.908 3.747 3.908-3.747c0.533-0.481 1.141-0.446 1.574 0 0.436 0.445 0.408 1.197 0 1.615-0.406 0.418-4.695 4.502-4.695 4.502-0.217 0.223-0.502 0.335-0.787 0.335s-0.57-0.112-0.789-0.335c0 0-4.287-4.084-4.695-4.502s-0.436-1.17 0-1.615z"
                    />
                  </svg>
                </div>
              </div>
            </div>
          </div>
        </div>
        <div
          class="subject"
        >
          <div
            class="ele"
          >
            <div
              class="wrapper"
            >
              <input
                class="textinput"
                data-spec="input"
                data-testid="input"
                maxlength="-1"
                name="Subject"
                placeholder="Enter a subject"
                type="text"
                value="Need help"
              />
              <div
                class="completion_container hidden"
                data-spec="completion-options"
                style="top: 0px; left: 0px;"
              >
                <div
                  class="options_wrapper"
                >
                  <ul
                    class="option_list"
                    data-spec="completion-list"
                  />
                  <div
                    class="help"
                    data-spec="completion-help"
                  >
                    Tab to complete, enter to select
                  </div>
                </div>
              </div>
            </div>
          </div>
        </div>
        <div
          class="body"
        >
          <div
            class="ele"
          >
            <div
              class="wrapper"
            >
              <textarea
                class="textinput"
                data-spec="input"
                data-testid="input"
                maxlength="-1"
                name="Body"
                placeholder="Enter a body"
              >
                Where are my cookies
              </textarea>
              <div
                class="completion_container hidden"
                data-spec="completion-options"
                style="top: 0px; left: 0px;"
              >
                <div
                  class="options_wrapper"
                >
                  <ul
                    class="option_list"
                    data-spec="completion-list"
                  />
                  <div
                    class="help"
                    data-spec="completion-help"
                  >
                    Tab to complete, enter to select
                  </div>
                </div>
              </div>
            </div>
          </div>
        </div>
        <div
          class="optional_text_input"
        >
          <div
            class="ele"
          >
            <div
              class="label"
            >
              Result Name
            </div>
            <div
              class="wrapper"
            >
              <input
                class="textinput"
                data-spec="input"
                data-testid="input"
                maxlength="64"
                name="Result Name"
                type="text"
                value="Result"
              />
              <div
                class="completion_container hidden"
                data-spec="completion-options"
                style="top: 0px; left: 0px;"
              >
                <div
                  class="options_wrapper"
                >
                  <ul
                    class="option_list"
                    data-spec="completion-list"
                  />
                  <div
                    class="help"
                    data-spec="completion-help"
                  >
                    Tab to complete, enter to select
                  </div>
                </div>
              </div>
            </div>
            <div
              class="help_text"
            >
              By naming the result, you can reference it later using @results.result
               
            </div>
          </div>
        </div>
      </div>
      <div
        class="footer"
      >
        <div
          class="buttons"
        >
          <div
            class="right_buttons"
          >
            <div
              class="btn secondary  "
              style="margin-left: 0px; margin-top: 0px;"
            >
              Cancel
            </div>
            <div
              class="btn primary  "
              style="margin-left: 10px; margin-top: 0px;"
            >
              Ok
            </div>
          </div>
        </div>
      </div>
    </div>
  </div>
</body>
`;

exports[`TicketRouterForm updates should save changes 2`] = `
Array [
  Object {
    "inboundConnections": Object {},
    "node": Object {
      "actions": Array [
        Object {
          "body": "My Ticket Result",
          "result_name": "Result",
          "subject": "Need help",
          "ticketer": Object {
            "name": "Email (bob@acme.com)",
            "uuid": "1165a73a-2ee0-4891-895e-768645194862",
          },
          "type": "open_ticket",
          "uuid": "b1f332f3-bdd3-4891-aec5-1843a712dbf1",
        },
      ],
      "exits": Array [
        Object {
          "destination_uuid": null,
          "uuid": "061fc171-8b79-4636-b892-bd0ea5aa9b42",
        },
        Object {
          "destination_uuid": null,
          "uuid": "1dce2b34-9aab-4e20-81c4-3f0408dcb671",
        },
      ],
      "router": Object {
        "cases": Array [
          Object {
            "arguments": Array [
              "Success",
            ],
            "category_uuid": "763e4844-3e1b-407a-a1b5-5fdfcd308b41",
            "type": "has_category",
            "uuid": "1e47a1e1-3c67-4df5-adf1-da542c789adb",
          },
        ],
        "categories": Array [
          Object {
            "exit_uuid": "061fc171-8b79-4636-b892-bd0ea5aa9b42",
            "name": "Success",
            "uuid": "763e4844-3e1b-407a-a1b5-5fdfcd308b41",
          },
          Object {
            "exit_uuid": "1dce2b34-9aab-4e20-81c4-3f0408dcb671",
            "name": "Failure",
            "uuid": "477ac8b4-25e2-483a-8686-2d1332c4da1c",
          },
        ],
        "default_category_uuid": "477ac8b4-25e2-483a-8686-2d1332c4da1c",
        "operand": "@results.result",
        "type": "switch",
      },
      "uuid": "132de855-4042-4dc1-a18f-cc2e6a8f790a",
    },
    "ui": Object {
      "config": Object {},
      "position": null,
      "type": "split_by_ticket",
    },
  },
]
`;
