// Jest Snapshot v1, https://goo.gl/fbAQLP

exports[`SendEmailComp render should render self, children 1`] = `
<Fragment>
  <div>
    New Sign Up
  </div>
  <div />
</Fragment>
`;
